Archive member included to satisfy reference by file (symbol)

/opt/avr8-gnu-toolchain-darwin_universal/bin/../lib/gcc/avr/15.1.0/avr5/libgcc.a(_udivmodqi4.o)
                              build/dac.o (__udivmodqi4)
/opt/avr8-gnu-toolchain-darwin_universal/bin/../lib/gcc/avr/15.1.0/avr5/libgcc.a(_divmodqi4.o)
                              build/midi_cv.o (__divmodqi4)
/opt/avr8-gnu-toolchain-darwin_universal/bin/../lib/gcc/avr/15.1.0/avr5/libgcc.a(_divmodhi4.o)
                              build/dac.o (__divmodhi4)
/opt/avr8-gnu-toolchain-darwin_universal/bin/../lib/gcc/avr/15.1.0/avr5/libgcc.a(_exit.o)
                              /opt/avr8-gnu-toolchain-darwin_universal/bin/../lib/gcc/avr/15.1.0/../../../../avr/lib/avr5/crtatmega328.o (exit)
/opt/avr8-gnu-toolchain-darwin_universal/bin/../lib/gcc/avr/15.1.0/avr5/libgcc.a(_copy_data.o)
                              build/dac.o (__do_copy_data)
/opt/avr8-gnu-toolchain-darwin_universal/bin/../lib/gcc/avr/15.1.0/avr5/libgcc.a(_clear_bss.o)
                              build/blinker.o (__do_clear_bss)
/opt/avr8-gnu-toolchain-darwin_universal/bin/../lib/gcc/avr/15.1.0/avr5/libgcc.a(_udivmodhi4.o)
                              /opt/avr8-gnu-toolchain-darwin_universal/bin/../lib/gcc/avr/15.1.0/avr5/libgcc.a(_divmodhi4.o) (__udivmodhi4)
/opt/avr8-gnu-toolchain-darwin_universal/bin/../lib/gcc/avr/15.1.0/../../../../avr/lib/avr5/libatmega328.a(eerd_block.o)
                              build/dac.o (eeprom_read_block)
/opt/avr8-gnu-toolchain-darwin_universal/bin/../lib/gcc/avr/15.1.0/../../../../avr/lib/avr5/libatmega328.a(eerd_byte.o)
                              build/main.o (eeprom_read_byte)
/opt/avr8-gnu-toolchain-darwin_universal/bin/../lib/gcc/avr/15.1.0/../../../../avr/lib/avr5/libatmega328.a(eeupd_byte.o)
                              build/midi_cv.o (eeprom_update_byte)
/opt/avr8-gnu-toolchain-darwin_universal/bin/../lib/gcc/avr/15.1.0/../../../../avr/lib/avr5/libatmega328.a(eewr_block.o)
                              build/dac.o (eeprom_write_block)
/opt/avr8-gnu-toolchain-darwin_universal/bin/../lib/gcc/avr/15.1.0/../../../../avr/lib/avr5/libatmega328.a(eewr_byte.o)
                              build/main.o (eeprom_write_byte)

Discarded input sections

 .data          0x00000000        0x0 /opt/avr8-gnu-toolchain-darwin_universal/bin/../lib/gcc/avr/15.1.0/../../../../avr/lib/avr5/crtatmega328.o
 .bss           0x00000000        0x0 /opt/avr8-gnu-toolchain-darwin_universal/bin/../lib/gcc/avr/15.1.0/../../../../avr/lib/avr5/crtatmega328.o
 .text          0x00000000        0x0 build/blinker.o
 .data          0x00000000        0x0 build/blinker.o
 .bss           0x00000000        0x0 build/blinker.o
 .text          0x00000000        0x0 build/button.o
 .data          0x00000000        0x0 build/button.o
 .bss           0x00000000        0x0 build/button.o
 .text          0x00000000        0x0 build/dac.o
 .data          0x00000000        0x0 build/dac.o
 .bss           0x00000000        0x0 build/dac.o
 .text          0x00000000        0x0 build/firmware_info.o
 .data          0x00000000        0x0 build/firmware_info.o
 .bss           0x00000000        0x0 build/firmware_info.o
 .text          0x00000000        0x0 build/hardware.o
 .data          0x00000000        0x0 build/hardware.o
 .bss           0x00000000        0x0 build/hardware.o
 .text          0x00000000        0x0 build/i2c.o
 .data          0x00000000        0x0 build/i2c.o
 .bss           0x00000000        0x0 build/i2c.o
 .text.I2C_Init
                0x00000000       0x12 build/i2c.o
 .text.I2C_Start
                0x00000000       0x10 build/i2c.o
 .text.I2C_Stop
                0x00000000        0x8 build/i2c.o
 .text.I2C_Write
                0x00000000       0x14 build/i2c.o
 .text.I2C_ReadAck
                0x00000000       0x14 build/i2c.o
 .text.I2C_ReadNack
                0x00000000       0x14 build/i2c.o
 .text.I2C_GetStatus
                0x00000000        0x8 build/i2c.o
 .text.I2C_Transmit
                0x00000000       0x86 build/i2c.o
 .comment       0x00000000       0x30 build/i2c.o
 .text          0x00000000        0x0 build/keyboard.o
 .data          0x00000000        0x0 build/keyboard.o
 .bss           0x00000000        0x0 build/keyboard.o
 .text          0x00000000        0x0 build/main.o
 .data          0x00000000        0x0 build/main.o
 .bss           0x00000000        0x0 build/main.o
 .text          0x00000000        0x0 build/midi.o
 .data          0x00000000        0x0 build/midi.o
 .bss           0x00000000        0x0 build/midi.o
 .text.Midi_GetChannel
                0x00000000        0x6 build/midi.o
 .text          0x00000000        0x0 build/midi_cv.o
 .data          0x00000000        0x0 build/midi_cv.o
 .bss           0x00000000        0x0 build/midi_cv.o
 .text          0x00000000        0x0 build/ring_buffer.o
 .data          0x00000000        0x0 build/ring_buffer.o
 .bss           0x00000000        0x0 build/ring_buffer.o
 .text.RingBuffer_GetLength
                0x00000000       0x26 build/ring_buffer.o
 .text.RingBuffer_Clear
                0x00000000       0x12 build/ring_buffer.o
 .text          0x00000000        0x0 /opt/avr8-gnu-toolchain-darwin_universal/bin/../lib/gcc/avr/15.1.0/avr5/libgcc.a(_udivmodqi4.o)
 .data          0x00000000        0x0 /opt/avr8-gnu-toolchain-darwin_universal/bin/../lib/gcc/avr/15.1.0/avr5/libgcc.a(_udivmodqi4.o)
 .bss           0x00000000        0x0 /opt/avr8-gnu-toolchain-darwin_universal/bin/../lib/gcc/avr/15.1.0/avr5/libgcc.a(_udivmodqi4.o)
 .text.libgcc.mul
                0x00000000        0x0 /opt/avr8-gnu-toolchain-darwin_universal/bin/../lib/gcc/avr/15.1.0/avr5/libgcc.a(_udivmodqi4.o)
 .text.libgcc   0x00000000        0x0 /opt/avr8-gnu-toolchain-darwin_universal/bin/../lib/gcc/avr/15.1.0/avr5/libgcc.a(_udivmodqi4.o)
 .text.libgcc.prologue
                0x00000000        0x0 /opt/avr8-gnu-toolchain-darwin_universal/bin/../lib/gcc/avr/15.1.0/avr5/libgcc.a(_udivmodqi4.o)
 .text.libgcc.builtins
                0x00000000        0x0 /opt/avr8-gnu-toolchain-darwin_universal/bin/../lib/gcc/avr/15.1.0/avr5/libgcc.a(_udivmodqi4.o)
 .text.libgcc.fmul
                0x00000000        0x0 /opt/avr8-gnu-toolchain-darwin_universal/bin/../lib/gcc/avr/15.1.0/avr5/libgcc.a(_udivmodqi4.o)
 .text.libgcc.fixed
                0x00000000        0x0 /opt/avr8-gnu-toolchain-darwin_universal/bin/../lib/gcc/avr/15.1.0/avr5/libgcc.a(_udivmodqi4.o)
 .text          0x00000000        0x0 /opt/avr8-gnu-toolchain-darwin_universal/bin/../lib/gcc/avr/15.1.0/avr5/libgcc.a(_divmodqi4.o)
 .data          0x00000000        0x0 /opt/avr8-gnu-toolchain-darwin_universal/bin/../lib/gcc/avr/15.1.0/avr5/libgcc.a(_divmodqi4.o)
 .bss           0x00000000        0x0 /opt/avr8-gnu-toolchain-darwin_universal/bin/../lib/gcc/avr/15.1.0/avr5/libgcc.a(_divmodqi4.o)
 .text.libgcc.mul
                0x00000000        0x0 /opt/avr8-gnu-toolchain-darwin_universal/bin/../lib/gcc/avr/15.1.0/avr5/libgcc.a(_divmodqi4.o)
 .text.libgcc   0x00000000        0x0 /opt/avr8-gnu-toolchain-darwin_universal/bin/../lib/gcc/avr/15.1.0/avr5/libgcc.a(_divmodqi4.o)
 .text.libgcc.prologue
                0x00000000        0x0 /opt/avr8-gnu-toolchain-darwin_universal/bin/../lib/gcc/avr/15.1.0/avr5/libgcc.a(_divmodqi4.o)
 .text.libgcc.builtins
                0x00000000        0x0 /opt/avr8-gnu-toolchain-darwin_universal/bin/../lib/gcc/avr/15.1.0/avr5/libgcc.a(_divmodqi4.o)
 .text.libgcc.fmul
                0x00000000        0x0 /opt/avr8-gnu-toolchain-darwin_universal/bin/../lib/gcc/avr/15.1.0/avr5/libgcc.a(_divmodqi4.o)
 .text.libgcc.fixed
                0x00000000        0x0 /opt/avr8-gnu-toolchain-darwin_universal/bin/../lib/gcc/avr/15.1.0/avr5/libgcc.a(_divmodqi4.o)
 .text          0x00000000        0x0 /opt/avr8-gnu-toolchain-darwin_universal/bin/../lib/gcc/avr/15.1.0/avr5/libgcc.a(_divmodhi4.o)
 .data          0x00000000        0x0 /opt/avr8-gnu-toolchain-darwin_universal/bin/../lib/gcc/avr/15.1.0/avr5/libgcc.a(_divmodhi4.o)
 .bss           0x00000000        0x0 /opt/avr8-gnu-toolchain-darwin_universal/bin/../lib/gcc/avr/15.1.0/avr5/libgcc.a(_divmodhi4.o)
 .text.libgcc.mul
                0x00000000        0x0 /opt/avr8-gnu-toolchain-darwin_universal/bin/../lib/gcc/avr/15.1.0/avr5/libgcc.a(_divmodhi4.o)
 .text.libgcc   0x00000000        0x0 /opt/avr8-gnu-toolchain-darwin_universal/bin/../lib/gcc/avr/15.1.0/avr5/libgcc.a(_divmodhi4.o)
 .text.libgcc.prologue
                0x00000000        0x0 /opt/avr8-gnu-toolchain-darwin_universal/bin/../lib/gcc/avr/15.1.0/avr5/libgcc.a(_divmodhi4.o)
 .text.libgcc.builtins
                0x00000000        0x0 /opt/avr8-gnu-toolchain-darwin_universal/bin/../lib/gcc/avr/15.1.0/avr5/libgcc.a(_divmodhi4.o)
 .text.libgcc.fmul
                0x00000000        0x0 /opt/avr8-gnu-toolchain-darwin_universal/bin/../lib/gcc/avr/15.1.0/avr5/libgcc.a(_divmodhi4.o)
 .text.libgcc.fixed
                0x00000000        0x0 /opt/avr8-gnu-toolchain-darwin_universal/bin/../lib/gcc/avr/15.1.0/avr5/libgcc.a(_divmodhi4.o)
 .text          0x00000000        0x0 /opt/avr8-gnu-toolchain-darwin_universal/bin/../lib/gcc/avr/15.1.0/avr5/libgcc.a(_exit.o)
 .data          0x00000000        0x0 /opt/avr8-gnu-toolchain-darwin_universal/bin/../lib/gcc/avr/15.1.0/avr5/libgcc.a(_exit.o)
 .bss           0x00000000        0x0 /opt/avr8-gnu-toolchain-darwin_universal/bin/../lib/gcc/avr/15.1.0/avr5/libgcc.a(_exit.o)
 .text.libgcc.mul
                0x00000000        0x0 /opt/avr8-gnu-toolchain-darwin_universal/bin/../lib/gcc/avr/15.1.0/avr5/libgcc.a(_exit.o)
 .text.libgcc.div
                0x00000000        0x0 /opt/avr8-gnu-toolchain-darwin_universal/bin/../lib/gcc/avr/15.1.0/avr5/libgcc.a(_exit.o)
 .text.libgcc   0x00000000        0x0 /opt/avr8-gnu-toolchain-darwin_universal/bin/../lib/gcc/avr/15.1.0/avr5/libgcc.a(_exit.o)
 .text.libgcc.prologue
                0x00000000        0x0 /opt/avr8-gnu-toolchain-darwin_universal/bin/../lib/gcc/avr/15.1.0/avr5/libgcc.a(_exit.o)
 .text.libgcc.builtins
                0x00000000        0x0 /opt/avr8-gnu-toolchain-darwin_universal/bin/../lib/gcc/avr/15.1.0/avr5/libgcc.a(_exit.o)
 .text.libgcc.fmul
                0x00000000        0x0 /opt/avr8-gnu-toolchain-darwin_universal/bin/../lib/gcc/avr/15.1.0/avr5/libgcc.a(_exit.o)
 .text.libgcc.fixed
                0x00000000        0x0 /opt/avr8-gnu-toolchain-darwin_universal/bin/../lib/gcc/avr/15.1.0/avr5/libgcc.a(_exit.o)
 .text          0x00000000        0x0 /opt/avr8-gnu-toolchain-darwin_universal/bin/../lib/gcc/avr/15.1.0/avr5/libgcc.a(_copy_data.o)
 .data          0x00000000        0x0 /opt/avr8-gnu-toolchain-darwin_universal/bin/../lib/gcc/avr/15.1.0/avr5/libgcc.a(_copy_data.o)
 .bss           0x00000000        0x0 /opt/avr8-gnu-toolchain-darwin_universal/bin/../lib/gcc/avr/15.1.0/avr5/libgcc.a(_copy_data.o)
 .text.libgcc.mul
                0x00000000        0x0 /opt/avr8-gnu-toolchain-darwin_universal/bin/../lib/gcc/avr/15.1.0/avr5/libgcc.a(_copy_data.o)
 .text.libgcc.div
                0x00000000        0x0 /opt/avr8-gnu-toolchain-darwin_universal/bin/../lib/gcc/avr/15.1.0/avr5/libgcc.a(_copy_data.o)
 .text.libgcc   0x00000000        0x0 /opt/avr8-gnu-toolchain-darwin_universal/bin/../lib/gcc/avr/15.1.0/avr5/libgcc.a(_copy_data.o)
 .text.libgcc.prologue
                0x00000000        0x0 /opt/avr8-gnu-toolchain-darwin_universal/bin/../lib/gcc/avr/15.1.0/avr5/libgcc.a(_copy_data.o)
 .text.libgcc.builtins
                0x00000000        0x0 /opt/avr8-gnu-toolchain-darwin_universal/bin/../lib/gcc/avr/15.1.0/avr5/libgcc.a(_copy_data.o)
 .text.libgcc.fmul
                0x00000000        0x0 /opt/avr8-gnu-toolchain-darwin_universal/bin/../lib/gcc/avr/15.1.0/avr5/libgcc.a(_copy_data.o)
 .text.libgcc.fixed
                0x00000000        0x0 /opt/avr8-gnu-toolchain-darwin_universal/bin/../lib/gcc/avr/15.1.0/avr5/libgcc.a(_copy_data.o)
 .text          0x00000000        0x0 /opt/avr8-gnu-toolchain-darwin_universal/bin/../lib/gcc/avr/15.1.0/avr5/libgcc.a(_clear_bss.o)
 .data          0x00000000        0x0 /opt/avr8-gnu-toolchain-darwin_universal/bin/../lib/gcc/avr/15.1.0/avr5/libgcc.a(_clear_bss.o)
 .bss           0x00000000        0x0 /opt/avr8-gnu-toolchain-darwin_universal/bin/../lib/gcc/avr/15.1.0/avr5/libgcc.a(_clear_bss.o)
 .text.libgcc.mul
                0x00000000        0x0 /opt/avr8-gnu-toolchain-darwin_universal/bin/../lib/gcc/avr/15.1.0/avr5/libgcc.a(_clear_bss.o)
 .text.libgcc.div
                0x00000000        0x0 /opt/avr8-gnu-toolchain-darwin_universal/bin/../lib/gcc/avr/15.1.0/avr5/libgcc.a(_clear_bss.o)
 .text.libgcc   0x00000000        0x0 /opt/avr8-gnu-toolchain-darwin_universal/bin/../lib/gcc/avr/15.1.0/avr5/libgcc.a(_clear_bss.o)
 .text.libgcc.prologue
                0x00000000        0x0 /opt/avr8-gnu-toolchain-darwin_universal/bin/../lib/gcc/avr/15.1.0/avr5/libgcc.a(_clear_bss.o)
 .text.libgcc.builtins
                0x00000000        0x0 /opt/avr8-gnu-toolchain-darwin_universal/bin/../lib/gcc/avr/15.1.0/avr5/libgcc.a(_clear_bss.o)
 .text.libgcc.fmul
                0x00000000        0x0 /opt/avr8-gnu-toolchain-darwin_universal/bin/../lib/gcc/avr/15.1.0/avr5/libgcc.a(_clear_bss.o)
 .text.libgcc.fixed
                0x00000000        0x0 /opt/avr8-gnu-toolchain-darwin_universal/bin/../lib/gcc/avr/15.1.0/avr5/libgcc.a(_clear_bss.o)
 .text          0x00000000        0x0 /opt/avr8-gnu-toolchain-darwin_universal/bin/../lib/gcc/avr/15.1.0/avr5/libgcc.a(_udivmodhi4.o)
 .data          0x00000000        0x0 /opt/avr8-gnu-toolchain-darwin_universal/bin/../lib/gcc/avr/15.1.0/avr5/libgcc.a(_udivmodhi4.o)
 .bss           0x00000000        0x0 /opt/avr8-gnu-toolchain-darwin_universal/bin/../lib/gcc/avr/15.1.0/avr5/libgcc.a(_udivmodhi4.o)
 .text.libgcc.mul
                0x00000000        0x0 /opt/avr8-gnu-toolchain-darwin_universal/bin/../lib/gcc/avr/15.1.0/avr5/libgcc.a(_udivmodhi4.o)
 .text.libgcc   0x00000000        0x0 /opt/avr8-gnu-toolchain-darwin_universal/bin/../lib/gcc/avr/15.1.0/avr5/libgcc.a(_udivmodhi4.o)
 .text.libgcc.prologue
                0x00000000        0x0 /opt/avr8-gnu-toolchain-darwin_universal/bin/../lib/gcc/avr/15.1.0/avr5/libgcc.a(_udivmodhi4.o)
 .text.libgcc.builtins
                0x00000000        0x0 /opt/avr8-gnu-toolchain-darwin_universal/bin/../lib/gcc/avr/15.1.0/avr5/libgcc.a(_udivmodhi4.o)
 .text.libgcc.fmul
                0x00000000        0x0 /opt/avr8-gnu-toolchain-darwin_universal/bin/../lib/gcc/avr/15.1.0/avr5/libgcc.a(_udivmodhi4.o)
 .text.libgcc.fixed
                0x00000000        0x0 /opt/avr8-gnu-toolchain-darwin_universal/bin/../lib/gcc/avr/15.1.0/avr5/libgcc.a(_udivmodhi4.o)
 .text          0x00000000        0x0 /opt/avr8-gnu-toolchain-darwin_universal/bin/../lib/gcc/avr/15.1.0/../../../../avr/lib/avr5/libatmega328.a(eerd_block.o)
 .data          0x00000000        0x0 /opt/avr8-gnu-toolchain-darwin_universal/bin/../lib/gcc/avr/15.1.0/../../../../avr/lib/avr5/libatmega328.a(eerd_block.o)
 .bss           0x00000000        0x0 /opt/avr8-gnu-toolchain-darwin_universal/bin/../lib/gcc/avr/15.1.0/../../../../avr/lib/avr5/libatmega328.a(eerd_block.o)
 .text          0x00000000        0x0 /opt/avr8-gnu-toolchain-darwin_universal/bin/../lib/gcc/avr/15.1.0/../../../../avr/lib/avr5/libatmega328.a(eerd_byte.o)
 .data          0x00000000        0x0 /opt/avr8-gnu-toolchain-darwin_universal/bin/../lib/gcc/avr/15.1.0/../../../../avr/lib/avr5/libatmega328.a(eerd_byte.o)
 .bss           0x00000000        0x0 /opt/avr8-gnu-toolchain-darwin_universal/bin/../lib/gcc/avr/15.1.0/../../../../avr/lib/avr5/libatmega328.a(eerd_byte.o)
 .text          0x00000000        0x0 /opt/avr8-gnu-toolchain-darwin_universal/bin/../lib/gcc/avr/15.1.0/../../../../avr/lib/avr5/libatmega328.a(eeupd_byte.o)
 .data          0x00000000        0x0 /opt/avr8-gnu-toolchain-darwin_universal/bin/../lib/gcc/avr/15.1.0/../../../../avr/lib/avr5/libatmega328.a(eeupd_byte.o)
 .bss           0x00000000        0x0 /opt/avr8-gnu-toolchain-darwin_universal/bin/../lib/gcc/avr/15.1.0/../../../../avr/lib/avr5/libatmega328.a(eeupd_byte.o)
 .text          0x00000000        0x0 /opt/avr8-gnu-toolchain-darwin_universal/bin/../lib/gcc/avr/15.1.0/../../../../avr/lib/avr5/libatmega328.a(eewr_block.o)
 .data          0x00000000        0x0 /opt/avr8-gnu-toolchain-darwin_universal/bin/../lib/gcc/avr/15.1.0/../../../../avr/lib/avr5/libatmega328.a(eewr_block.o)
 .bss           0x00000000        0x0 /opt/avr8-gnu-toolchain-darwin_universal/bin/../lib/gcc/avr/15.1.0/../../../../avr/lib/avr5/libatmega328.a(eewr_block.o)
 .text          0x00000000        0x0 /opt/avr8-gnu-toolchain-darwin_universal/bin/../lib/gcc/avr/15.1.0/../../../../avr/lib/avr5/libatmega328.a(eewr_byte.o)
 .data          0x00000000        0x0 /opt/avr8-gnu-toolchain-darwin_universal/bin/../lib/gcc/avr/15.1.0/../../../../avr/lib/avr5/libatmega328.a(eewr_byte.o)
 .bss           0x00000000        0x0 /opt/avr8-gnu-toolchain-darwin_universal/bin/../lib/gcc/avr/15.1.0/../../../../avr/lib/avr5/libatmega328.a(eewr_byte.o)

Memory Configuration

Name             Origin             Length             Attributes
text             0x00000000         0x00008000         xr
data             0x00800100         0x00000800         rw!x
eeprom           0x00810000         0x00000400         rw!x
fuse             0x00820000         0x00000003         rw!x
lock             0x00830000         0x00000400         rw!x
signature        0x00840000         0x00000400         rw!x
user_signatures  0x00850000         0x00000400         rw!x
*default*        0x00000000         0xffffffff

Linker script and memory map

Address of section .data set to 0x800100
LOAD /opt/avr8-gnu-toolchain-darwin_universal/bin/../lib/gcc/avr/15.1.0/../../../../avr/lib/avr5/crtatmega328.o
LOAD build/blinker.o
LOAD build/button.o
LOAD build/dac.o
LOAD build/firmware_info.o
LOAD build/hardware.o
LOAD build/i2c.o
LOAD build/keyboard.o
LOAD build/main.o
LOAD build/midi.o
LOAD build/midi_cv.o
LOAD build/ring_buffer.o
LOAD /opt/avr8-gnu-toolchain-darwin_universal/bin/../lib/gcc/avr/15.1.0/../../../../avr/lib/avr5/libm.a
START GROUP
LOAD /opt/avr8-gnu-toolchain-darwin_universal/bin/../lib/gcc/avr/15.1.0/avr5/libgcc.a
LOAD /opt/avr8-gnu-toolchain-darwin_universal/bin/../lib/gcc/avr/15.1.0/../../../../avr/lib/avr5/libm.a
LOAD /opt/avr8-gnu-toolchain-darwin_universal/bin/../lib/gcc/avr/15.1.0/../../../../avr/lib/avr5/libc.a
LOAD /opt/avr8-gnu-toolchain-darwin_universal/bin/../lib/gcc/avr/15.1.0/../../../../avr/lib/avr5/libatmega328.a
END GROUP
                [0x00000000]                      __TEXT_REGION_ORIGIN__ = DEFINED (__TEXT_REGION_ORIGIN__)?__TEXT_REGION_ORIGIN__:0x0
                [0x00008000]                      __TEXT_REGION_LENGTH__ = DEFINED (__TEXT_REGION_LENGTH__)?__TEXT_REGION_LENGTH__:0x20000
                [0x00800100]                      __DATA_REGION_ORIGIN__ = DEFINED (__DATA_REGION_ORIGIN__)?__DATA_REGION_ORIGIN__:0x800060
                [0x00000800]                      __DATA_REGION_LENGTH__ = DEFINED (__DATA_REGION_LENGTH__)?__DATA_REGION_LENGTH__:0xffa0
                [0x00000400]                      __EEPROM_REGION_LENGTH__ = DEFINED (__EEPROM_REGION_LENGTH__)?__EEPROM_REGION_LENGTH__:0x10000
                [0x00000003]                      __FUSE_REGION_LENGTH__ = DEFINED (__FUSE_REGION_LENGTH__)?__FUSE_REGION_LENGTH__:0x400
                0x00000400                        __LOCK_REGION_LENGTH__ = DEFINED (__LOCK_REGION_LENGTH__)?__LOCK_REGION_LENGTH__:0x400
                0x00000400                        __SIGNATURE_REGION_LENGTH__ = DEFINED (__SIGNATURE_REGION_LENGTH__)?__SIGNATURE_REGION_LENGTH__:0x400
                0x00000400                        __USER_SIGNATURE_REGION_LENGTH__ = DEFINED (__USER_SIGNATURE_REGION_LENGTH__)?__USER_SIGNATURE_REGION_LENGTH__:0x400

.hash
 *(.hash)

.dynsym
 *(.dynsym)

.dynstr
 *(.dynstr)

.gnu.version
 *(.gnu.version)

.gnu.version_d
 *(.gnu.version_d)

.gnu.version_r
 *(.gnu.version_r)

.rel.init
 *(.rel.init)

.rela.init
 *(.rela.init)

.rel.text
 *(.rel.text)
 *(.rel.text.*)
 *(.rel.gnu.linkonce.t*)

.rela.text
 *(.rela.text)
 *(.rela.text.*)
 *(.rela.gnu.linkonce.t*)

.rel.fini
 *(.rel.fini)

.rela.fini
 *(.rela.fini)

.rel.rodata
 *(.rel.rodata)
 *(.rel.rodata.*)
 *(.rel.gnu.linkonce.r*)

.rela.rodata
 *(.rela.rodata)
 *(.rela.rodata.*)
 *(.rela.gnu.linkonce.r*)

.rel.data
 *(.rel.data)
 *(.rel.data.*)
 *(.rel.gnu.linkonce.d*)

.rela.data
 *(.rela.data)
 *(.rela.data.*)
 *(.rela.gnu.linkonce.d*)

.rel.ctors
 *(.rel.ctors)

.rela.ctors
 *(.rela.ctors)

.rel.dtors
 *(.rel.dtors)

.rela.dtors
 *(.rela.dtors)

.rel.got
 *(.rel.got)

.rela.got
 *(.rela.got)

.rel.bss
 *(.rel.bss)

.rela.bss
 *(.rela.bss)

.rel.plt
 *(.rel.plt)

.rela.plt
 *(.rela.plt)

.text           0x00000000     0x1308
 *(.vectors)
 .vectors       0x00000000       0x68 /opt/avr8-gnu-toolchain-darwin_universal/bin/../lib/gcc/avr/15.1.0/../../../../avr/lib/avr5/crtatmega328.o
                0x00000000                __vectors
                0x00000000                __vector_default
 *(.vectors)
 *(.progmem.gcc*)
                0x00000068                        . = ALIGN (0x2)
                0x00000068                        __trampolines_start = .
 *(.trampolines)
 .trampolines   0x00000068        0x0 linker stubs
 *(.trampolines*)
                0x00000068                        __trampolines_end = .
 *libprintf_flt.a:*(.progmem.data)
 *libc.a:*(.progmem.data)
 *(.progmem.*)
                0x00000068                        . = ALIGN (0x2)
 *(.lowtext)
 *(.lowtext*)
                0x00000068                        __ctors_start = .
 *(.ctors)
                0x00000068                        __ctors_end = .
                0x00000068                        __dtors_start = .
 *(.dtors)
                0x00000068                        __dtors_end = .
 SORT_BY_NAME(*)(.ctors)
 SORT_BY_NAME(*)(.dtors)
 *(.init0)
 .init0         0x00000068        0x0 /opt/avr8-gnu-toolchain-darwin_universal/bin/../lib/gcc/avr/15.1.0/../../../../avr/lib/avr5/crtatmega328.o
                0x00000068                __init
 *(.init0)
 *(.init1)
 *(.init1)
 *(.init2)
 .init2         0x00000068        0xc /opt/avr8-gnu-toolchain-darwin_universal/bin/../lib/gcc/avr/15.1.0/../../../../avr/lib/avr5/crtatmega328.o
 *(.init2)
 *(.init3)
 *(.init3)
 *(.init4)
 .init4         0x00000074       0x16 /opt/avr8-gnu-toolchain-darwin_universal/bin/../lib/gcc/avr/15.1.0/avr5/libgcc.a(_copy_data.o)
                0x00000074                __do_copy_data
 .init4         0x0000008a       0x10 /opt/avr8-gnu-toolchain-darwin_universal/bin/../lib/gcc/avr/15.1.0/avr5/libgcc.a(_clear_bss.o)
                0x0000008a                __do_clear_bss
 *(.init4)
 *(.init5)
 *(.init5)
 *(.init6)
 *(.init6)
 *(.init7)
 *(.init7)
 *(.init8)
 *(.init8)
 *(.init9)
 .init9         0x0000009a        0x8 /opt/avr8-gnu-toolchain-darwin_universal/bin/../lib/gcc/avr/15.1.0/../../../../avr/lib/avr5/crtatmega328.o
 *(.init9)
 *(.text)
 .text          0x000000a2        0x4 /opt/avr8-gnu-toolchain-darwin_universal/bin/../lib/gcc/avr/15.1.0/../../../../avr/lib/avr5/crtatmega328.o
                0x000000a2                __vector_20
                0x000000a2                __vector_1
                0x000000a2                __vector_24
                0x000000a2                __vector_12
                0x000000a2                __bad_interrupt
                0x000000a2                __vector_6
                0x000000a2                __vector_3
                0x000000a2                __vector_23
                0x000000a2                __vector_25
                0x000000a2                __vector_11
                0x000000a2                __vector_13
                0x000000a2                __vector_17
                0x000000a2                __vector_19
                0x000000a2                __vector_7
                0x000000a2                __vector_5
                0x000000a2                __vector_4
                0x000000a2                __vector_9
                0x000000a2                __vector_2
                0x000000a2                __vector_21
                0x000000a2                __vector_15
                0x000000a2                __vector_8
                0x000000a2                __vector_10
                0x000000a2                __vector_16
                0x000000a2                __vector_22
                0x000000a6                        . = ALIGN (0x2)
 *(.text.*)
 .text.Blinker_Process
                0x000000a6       0xbc build/blinker.o
                0x000000a6                Blinker_Process
 .text.Button_Process
                0x00000162       0x54 build/button.o
                0x00000162                Button_Process
 .text.DAC_Config
                0x000001b6        0x2 build/dac.o
                0x000001b6                DAC_Config
 .text.DAC_Write
                0x000001b8       0x24 build/dac.o
                0x000001b8                DAC_Write
 .text.DAC_ModWrite
                0x000001dc       0x1a build/dac.o
                0x000001dc                DAC_ModWrite
 .text.DAC_Update
                0x000001f6        0x6 build/dac.o
                0x000001f6                DAC_Update
 .text.DAC_WriteNote
                0x000001fc       0xae build/dac.o
                0x000001fc                DAC_WriteNote
 .text.DAC_WritePitch
                0x000002aa       0x44 build/dac.o
                0x000002aa                DAC_WritePitch
 .text.Dac_MidiCalibration
                0x000002ee      0x164 build/dac.o
                0x000002ee                Dac_MidiCalibration
 .text.Dac_MidiCalibSave
                0x00000452       0x10 build/dac.o
                0x00000452                Dac_MidiCalibSave
 .text.Dac_MidiCalibLoad
                0x00000462       0x10 build/dac.o
                0x00000462                Dac_MidiCalibLoad
 .text.UART_Init
                0x00000472       0x22 build/hardware.o
                0x00000472                UART_Init
 .text.ClockOut_Init
                0x00000494        0x4 build/hardware.o
                0x00000494                ClockOut_Init
 .text.Gate_Init
                0x00000498        0x6 build/hardware.o
                0x00000498                Gate_Init
 .text.Switch_Init
                0x0000049e        0x6 build/hardware.o
                0x0000049e                Switch_Init
 .text.Button_Init
                0x000004a4        0x6 build/hardware.o
                0x000004a4                Button_Init
 .text.Led_Init
                0x000004aa        0x4 build/hardware.o
                0x000004aa                Led_Init
 .text.DAC_Init
                0x000004ae       0x1c build/hardware.o
                0x000004ae                DAC_Init
 .text.Tick_Init
                0x000004ca       0x24 build/hardware.o
                0x000004ca                Tick_Init
 .text.Keyboard_Reset
                0x000004ee        0xc build/keyboard.o
                0x000004ee                Keyboard_Reset
 .text.Keyboard_Press
                0x000004fa       0x22 build/keyboard.o
                0x000004fa                Keyboard_Press
 .text.Keyboard_Release
                0x0000051c       0x24 build/keyboard.o
                0x0000051c                Keyboard_Release
 .text.Keyboard_GetHighest
                0x00000540       0x46 build/keyboard.o
                0x00000540                Keyboard_GetHighest
 .text.Keyboard_GetLowest
                0x00000586       0x40 build/keyboard.o
                0x00000586                Keyboard_GetLowest
 .text.startup.main
                0x000005c6      0x376 build/main.o
                0x000005c6                main
 .text.__vector_18
                0x0000093c       0x50 build/main.o
                0x0000093c                __vector_18
 .text.__vector_14
                0x0000098c       0x72 build/main.o
                0x0000098c                __vector_14
 .text.Midi_GetType
                0x000009fe       0x20 build/midi.o
                0x000009fe                Midi_GetType
 .text.Midi_IsChannelMsg
                0x00000a1e       0x20 build/midi.o
                0x00000a1e                Midi_IsChannelMsg
 .text.Midi_Init
                0x00000a3e        0xa build/midi.o
                0x00000a3e                Midi_Init
 .text.Midi_Parse
                0x00000a48      0x17e build/midi.o
                0x00000a48                Midi_Parse
 .text.Midi_ExecuteMessage
                0x00000bc6      0x162 build/midi.o
                0x00000bc6                Midi_ExecuteMessage
 .text.MidiCv_Init
                0x00000d28       0x10 build/midi_cv.o
                0x00000d28                MidiCv_Init
 .text.MidiCv_Reset
                0x00000d38       0x3a build/midi_cv.o
                0x00000d38                MidiCv_Reset
 .text.MidiCv_SetVoices
                0x00000d72        0x8 build/midi_cv.o
                0x00000d72                MidiCv_SetVoices
 .text.MidiCv_NoteOn
                0x00000d7a       0xd2 build/midi_cv.o
                0x00000d7a                MidiCv_NoteOn
 .text.MidiCv_NoteOnSingle
                0x00000e4c       0xa0 build/midi_cv.o
                0x00000e4c                MidiCv_NoteOnSingle
 .text.MidiCv_NoteOff
                0x00000eec       0xe8 build/midi_cv.o
                0x00000eec                MidiCv_NoteOff
 .text.MidiCv_NoteOffSingle
                0x00000fd4       0x9a build/midi_cv.o
                0x00000fd4                MidiCv_NoteOffSingle
 .text.MidiCv_PitchBend
                0x0000106e       0x16 build/midi_cv.o
                0x0000106e                MidiCv_PitchBend
 .text.MidiCv_ControlChange
                0x00001084       0x22 build/midi_cv.o
                0x00001084                MidiCv_ControlChange
 .text.MidiCv_Config
                0x000010a6       0x90 build/midi_cv.o
                0x000010a6                MidiCv_Config
 .text.MidiCv_ConfigSave
                0x00001136       0x24 build/midi_cv.o
                0x00001136                MidiCv_ConfigSave
 .text.MidiCv_ConfigLoad
                0x0000115a       0x26 build/midi_cv.o
                0x0000115a                MidiCv_ConfigLoad
 .text.RingBuffer_Init
                0x00001180       0x12 build/ring_buffer.o
                0x00001180                RingBuffer_Init
 .text.RingBuffer_Write
                0x00001192       0x2a build/ring_buffer.o
                0x00001192                RingBuffer_Write
 .text.RingBuffer_Read
                0x000011bc       0x2a build/ring_buffer.o
                0x000011bc                RingBuffer_Read
 .text.RingBuffer_IsEmpty
                0x000011e6       0x16 build/ring_buffer.o
                0x000011e6                RingBuffer_IsEmpty
 .text.libgcc.div
                0x000011fc       0x18 /opt/avr8-gnu-toolchain-darwin_universal/bin/../lib/gcc/avr/15.1.0/avr5/libgcc.a(_udivmodqi4.o)
                0x000011fc                __udivmodqi4
 .text.libgcc.div
                0x00001214       0x1c /opt/avr8-gnu-toolchain-darwin_universal/bin/../lib/gcc/avr/15.1.0/avr5/libgcc.a(_divmodqi4.o)
                0x00001214                __divmodqi4
 .text.libgcc.div
                0x00001230       0x28 /opt/avr8-gnu-toolchain-darwin_universal/bin/../lib/gcc/avr/15.1.0/avr5/libgcc.a(_divmodhi4.o)
                0x00001230                __divmodhi4
                0x00001230                _div
 .text.libgcc.div
                0x00001258       0x28 /opt/avr8-gnu-toolchain-darwin_universal/bin/../lib/gcc/avr/15.1.0/avr5/libgcc.a(_udivmodhi4.o)
                0x00001258                __udivmodhi4
 .text.avr-libc
                0x00001280       0x20 /opt/avr8-gnu-toolchain-darwin_universal/bin/../lib/gcc/avr/15.1.0/../../../../avr/lib/avr5/libatmega328.a(eerd_block.o)
                0x00001280                eeprom_read_block
                0x00001284                eeprom_read_blraw
 .text.avr-libc
                0x000012a0       0x10 /opt/avr8-gnu-toolchain-darwin_universal/bin/../lib/gcc/avr/15.1.0/../../../../avr/lib/avr5/libatmega328.a(eerd_byte.o)
                0x000012a0                eeprom_read_byte
 .text.avr-libc
                0x000012b0       0x24 /opt/avr8-gnu-toolchain-darwin_universal/bin/../lib/gcc/avr/15.1.0/../../../../avr/lib/avr5/libatmega328.a(eeupd_byte.o)
                0x000012b0                eeprom_update_byte
                0x000012b2                eeprom_update_r18
 .text.avr-libc
                0x000012d4       0x14 /opt/avr8-gnu-toolchain-darwin_universal/bin/../lib/gcc/avr/15.1.0/../../../../avr/lib/avr5/libatmega328.a(eewr_block.o)
                0x000012d4                eeprom_write_block
 .text.avr-libc
                0x000012e8       0x1c /opt/avr8-gnu-toolchain-darwin_universal/bin/../lib/gcc/avr/15.1.0/../../../../avr/lib/avr5/libatmega328.a(eewr_byte.o)
                0x000012e8                eeprom_write_byte
                0x000012ea                eeprom_write_r18
                0x00001304                        . = ALIGN (0x2)
 *(.fini9)
 .fini9         0x00001304        0x0 /opt/avr8-gnu-toolchain-darwin_universal/bin/../lib/gcc/avr/15.1.0/avr5/libgcc.a(_exit.o)
                0x00001304                exit
                0x00001304                _exit
 *(.fini9)
 *(.fini8)
 *(.fini8)
 *(.fini7)
 *(.fini7)
 *(.fini6)
 *(.fini6)
 *(.fini5)
 *(.fini5)
 *(.fini4)
 *(.fini4)
 *(.fini3)
 *(.fini3)
 *(.fini2)
 *(.fini2)
 *(.fini1)
 *(.fini1)
 *(.fini0)
 .fini0         0x00001304        0x4 /opt/avr8-gnu-toolchain-darwin_universal/bin/../lib/gcc/avr/15.1.0/avr5/libgcc.a(_exit.o)
 *(.fini0)
 *(.hightext)
 *(.hightext*)
 *(.progmemx.*)
                0x00001308                        . = ALIGN (0x2)
 *(.jumptables)
 *(.jumptables*)
                0x00001308                        _etext = .

.midicvx_info   0x00001308        0xc
 .midicvx_info  0x00001308        0xc build/firmware_info.o
                0x00001308                g_midicvx_firmware_info

.data           0x00800100       0x6a load address 0x00001314
                0x00800100                        PROVIDE (__data_start = .)
 *(.data)
 *(.data*)
 .data.dac_calib
                0x00800100       0x28 build/dac.o
 .data.g_midi_ch
                0x00800128        0x2 build/main.o
                0x00800128                g_midi_ch
 *(.gnu.linkonce.d*)
 *(.rodata)
 .rodata        0x0080012a       0x40 build/main.o
 *(.rodata*)
 *(.gnu.linkonce.r*)
                0x0080016a                        . = ALIGN (0x2)
                0x0080016a                        _edata = .
                0x0080016a                        PROVIDE (__data_end = .)

.bss            0x0080016a       0xe1
                0x0080016a                        PROVIDE (__bss_start = .)
 *(.bss)
 *(.bss*)
 .bss.step.0    0x0080016a        0x1 build/blinker.o
 .bss.time.1    0x0080016b        0x4 build/blinker.o
 .bss.active_key.0
                0x0080016f        0x2 build/dac.o
 .bss.active_oct.1
                0x00800171        0x1 build/dac.o
 .bss.dac_last_value
                0x00800172        0x4 build/dac.o
 .bss.g_midi_clk_timeout
                0x00800176        0x4 build/main.o
                0x00800176                g_midi_clk_timeout
 .bss.g_config_mode
                0x0080017a        0x1 build/main.o
                0x0080017a                g_config_mode
 .bss.g_btn_press_time
                0x0080017b        0x4 build/main.o
                0x0080017b                g_btn_press_time
 .bss.g_btn     0x0080017f        0xd build/main.o
                0x0080017f                g_btn
 .bss.g_time    0x0080018c        0x4 build/main.o
                0x0080018c                g_time
 .bss.g_calib_mode
                0x00800190        0x1 build/main.o
                0x00800190                g_calib_mode
 .bss.g_midi_parser
                0x00800191        0xb build/main.o
                0x00800191                g_midi_parser
 .bss.g_midi_buf
                0x0080019c       0x84 build/main.o
                0x0080019c                g_midi_buf
 .bss.clk_cnt.0
                0x00800220        0x1 build/midi.o
 .bss.clk_state.1
                0x00800221        0x1 build/midi.o
 .bss.keyboard  0x00800222       0x20 build/midi_cv.o
                0x00800222                keyboard
 .bss.midi_out_mode
                0x00800242        0x1 build/midi_cv.o
 .bss.midi_voices
                0x00800243        0x1 build/midi_cv.o
 .bss.midi_mod_wheel
                0x00800244        0x1 build/midi_cv.o
 .bss.midi_pitch_bend
                0x00800245        0x2 build/midi_cv.o
 .bss.midi_lowest_note
                0x00800247        0x2 build/midi_cv.o
 .bss.midi_highest_note
                0x00800249        0x2 build/midi_cv.o
 *(COMMON)
                0x0080024b                        PROVIDE (__bss_end = .)
                0x00001314                        __data_load_start = LOADADDR (.data)
                0x0000137e                        __data_load_end = (__data_load_start + SIZEOF (.data))

.noinit         0x0080024b        0x0
                [!provide]                        PROVIDE (__noinit_start = .)
 *(.noinit .noinit.* .gnu.linkonce.n.*)
                [!provide]                        PROVIDE (__noinit_end = .)
                0x0080024b                        _end = .
                [!provide]                        PROVIDE (__heap_start = .)
                0x00000000                        __flmap_init_label = DEFINED (__flmap_noinit_start)?__flmap_noinit_start:0x0
                0x00000000                        __flmap = DEFINED (__flmap)?__flmap:0x0

.eeprom         0x00810000        0x0
 *(.eeprom*)
                0x00810000                        __eeprom_end = .

.fuse
 *(.fuse)
 *(.lfuse)
 *(.hfuse)
 *(.efuse)

.lock
 *(.lock*)

.signature
 *(.signature*)

.stab
 *(.stab)

.stabstr
 *(.stabstr)

.stab.excl
 *(.stab.excl)

.stab.exclstr
 *(.stab.exclstr)

.stab.index
 *(.stab.index)

.stab.indexstr
 *(.stab.indexstr)

.comment        0x00000000       0x2f
 *(.comment)
 .comment       0x00000000       0x2f build/blinker.o
                                 0x30 (size before relaxing)
 .comment       0x0000002f       0x30 build/button.o
 .comment       0x0000002f       0x30 build/dac.o
 .comment       0x0000002f       0x30 build/firmware_info.o
 .comment       0x0000002f       0x30 build/hardware.o
 .comment       0x0000002f       0x30 build/keyboard.o
 .comment       0x0000002f       0x30 build/main.o
 .comment       0x0000002f       0x30 build/midi.o
 .comment       0x0000002f       0x30 build/midi_cv.o
 .comment       0x0000002f       0x30 build/ring_buffer.o

.note.gnu.avr.deviceinfo
                0x00000000       0x3c
 .note.gnu.avr.deviceinfo
                0x00000000       0x3c /opt/avr8-gnu-toolchain-darwin_universal/bin/../lib/gcc/avr/15.1.0/../../../../avr/lib/avr5/crtatmega328.o

.gnu.build.attributes
 *(.gnu.build.attributes .gnu.build.attributes.*)

.note.gnu.build-id
 *(.note.gnu.build-id)

.debug
 *(.debug)

.line
 *(.line)

.debug_srcinfo
 *(.debug_srcinfo)

.debug_sfnames
 *(.debug_sfnames)

.debug_aranges
 *(.debug_aranges)

.debug_pubnames
 *(.debug_pubnames)

.debug_info     0x00000000      0x5f4
 *(.debug_info .gnu.linkonce.wi.*)
 .debug_info    0x00000000      0x5f4 /opt/avr8-gnu-toolchain-darwin_universal/bin/../lib/gcc/avr/15.1.0/../../../../avr/lib/avr5/crtatmega328.o

.debug_abbrev   0x00000000      0x5a2
 *(.debug_abbrev)
 .debug_abbrev  0x00000000      0x5a2 /opt/avr8-gnu-toolchain-darwin_universal/bin/../lib/gcc/avr/15.1.0/../../../../avr/lib/avr5/crtatmega328.o

.debug_line     0x00000000       0x1d
 *(.debug_line .debug_line.* .debug_line_end)
 .debug_line    0x00000000       0x1d /opt/avr8-gnu-toolchain-darwin_universal/bin/../lib/gcc/avr/15.1.0/../../../../avr/lib/avr5/crtatmega328.o

.debug_frame
 *(.debug_frame)

.debug_str      0x00000000      0x208
 *(.debug_str)
 .debug_str     0x00000000      0x208 /opt/avr8-gnu-toolchain-darwin_universal/bin/../lib/gcc/avr/15.1.0/../../../../avr/lib/avr5/crtatmega328.o

.debug_loc
 *(.debug_loc)

.debug_macinfo
 *(.debug_macinfo)

.debug_weaknames
 *(.debug_weaknames)

.debug_funcnames
 *(.debug_funcnames)

.debug_typenames
 *(.debug_typenames)

.debug_varnames
 *(.debug_varnames)

.debug_pubtypes
 *(.debug_pubtypes)

.debug_ranges
 *(.debug_ranges)

.debug_addr
 *(.debug_addr)

.debug_line_str
 *(.debug_line_str)

.debug_loclists
 *(.debug_loclists)

.debug_macro
 *(.debug_macro)

.debug_names
 *(.debug_names)

.debug_rnglists
 *(.debug_rnglists)

.debug_str_offsets
 *(.debug_str_offsets)

.debug_sup
 *(.debug_sup)
OUTPUT(build/midi_cv_x.elf elf32-avr)
LOAD linker stubs
